2026-05-23 14:53:35,680 INFO o.a.j.u.JMeterUtils: Setting Locale to en_EN
2026-05-23 14:53:35,693 INFO o.a.j.JMeter: Loading user properties from: D:\apache-jmeter-5.6.3\apache-jmeter-5.6.3\bin\user.properties
2026-05-23 14:53:35,693 INFO o.a.j.JMeter: Loading system properties from: D:\apache-jmeter-5.6.3\apache-jmeter-5.6.3\bin\system.properties
2026-05-23 14:53:35,703 INFO o.a.j.JMeter: Copyright (c) 1998-2024 The Apache Software Foundation
2026-05-23 14:53:35,703 INFO o.a.j.JMeter: Version 5.6.3
2026-05-23 14:53:35,703 INFO o.a.j.JMeter: java.version=21.0.11
2026-05-23 14:53:35,703 INFO o.a.j.JMeter: java.vm.name=Java HotSpot(TM) 64-Bit Server VM
2026-05-23 14:53:35,703 INFO o.a.j.JMeter: os.name=Windows 11
2026-05-23 14:53:35,703 INFO o.a.j.JMeter: os.arch=amd64
2026-05-23 14:53:35,703 INFO o.a.j.JMeter: os.version=10.0
2026-05-23 14:53:35,703 INFO o.a.j.JMeter: file.encoding=UTF-8
2026-05-23 14:53:35,703 INFO o.a.j.JMeter: java.awt.headless=true
2026-05-23 14:53:35,703 INFO o.a.j.JMeter: Max memory     =1073741824
2026-05-23 14:53:35,703 INFO o.a.j.JMeter: Available Processors =8
2026-05-23 14:53:35,707 INFO o.a.j.JMeter: Default Locale=English (EN)
2026-05-23 14:53:35,707 INFO o.a.j.JMeter: JMeter  Locale=English (EN)
2026-05-23 14:53:35,707 INFO o.a.j.JMeter: JMeterHome=D:\apache-jmeter-5.6.3\apache-jmeter-5.6.3
2026-05-23 14:53:35,707 INFO o.a.j.JMeter: user.dir  =D:\apache-jmeter-5.6.3\apache-jmeter-5.6.3\bin\Performance_testingDmoney
2026-05-23 14:53:35,707 INFO o.a.j.JMeter: PWD       =D:\apache-jmeter-5.6.3\apache-jmeter-5.6.3\bin\Performance_testingDmoney
2026-05-23 14:53:35,712 INFO o.a.j.JMeter: IP: 192.168.68.104 Name: LAPTOP-8RJ9KVHR FullName: LAPTOP-8RJ9KVHR
2026-05-23 14:53:35,721 INFO o.a.j.JMeter: Setting property 'jmeter.reportgenerator.outputdir' to:'D:\apache-jmeter-5.6.3\apache-jmeter-5.6.3\bin\Performance_testingDmoney\Reports'
2026-05-23 14:53:35,723 INFO o.a.j.s.FileServer: Default base='D:\apache-jmeter-5.6.3\apache-jmeter-5.6.3\bin\Performance_testingDmoney'
2026-05-23 14:53:35,723 INFO o.a.j.s.FileServer: Set new base='D:\apache-jmeter-5.6.3\apache-jmeter-5.6.3\bin\Performance_testingDmoney'
2026-05-23 14:53:35,896 INFO o.a.j.s.SaveService: Testplan (JMX) version: 2.2. Testlog (JTL) version: 2.2
2026-05-23 14:53:35,927 INFO o.a.j.s.SaveService: Using SaveService properties version 5.0
2026-05-23 14:53:35,932 INFO o.a.j.s.SaveService: Using SaveService properties file encoding UTF-8
2026-05-23 14:53:35,932 INFO o.a.j.s.SaveService: Loading file: testing.jmx
2026-05-23 14:53:35,998 INFO o.a.j.p.h.s.HTTPSamplerBase: Parser for text/html is org.apache.jmeter.protocol.http.parser.LagartoBasedHtmlParser
2026-05-23 14:53:35,998 INFO o.a.j.p.h.s.HTTPSamplerBase: Parser for application/xhtml+xml is org.apache.jmeter.protocol.http.parser.LagartoBasedHtmlParser
2026-05-23 14:53:35,998 INFO o.a.j.p.h.s.HTTPSamplerBase: Parser for application/xml is org.apache.jmeter.protocol.http.parser.LagartoBasedHtmlParser
2026-05-23 14:53:35,998 INFO o.a.j.p.h.s.HTTPSamplerBase: Parser for text/xml is org.apache.jmeter.protocol.http.parser.LagartoBasedHtmlParser
2026-05-23 14:53:35,998 INFO o.a.j.p.h.s.HTTPSamplerBase: Parser for text/vnd.wap.wml is org.apache.jmeter.protocol.http.parser.RegexpHTMLParser
2026-05-23 14:53:35,998 INFO o.a.j.p.h.s.HTTPSamplerBase: Parser for text/css is org.apache.jmeter.protocol.http.parser.CssParser
2026-05-23 14:53:36,060 INFO o.a.j.JMeter: Creating summariser <summary>
2026-05-23 14:53:36,064 INFO o.a.j.r.d.ReportGenerator: ReportGenerator will use for Parsing the separator: ','
2026-05-23 14:53:36,064 INFO o.a.j.r.d.ReportGenerator: Will generate report at end of test from  results file: testing.jtl
2026-05-23 14:53:36,064 INFO o.a.j.r.d.ReportGenerator: Reading report generator properties from: D:\apache-jmeter-5.6.3\apache-jmeter-5.6.3\bin\reportgenerator.properties
2026-05-23 14:53:36,064 INFO o.a.j.r.d.ReportGenerator: Merging with JMeter properties
2026-05-23 14:53:36,071 INFO o.a.j.r.c.ReportGeneratorConfiguration: Property 'jmeter.reportgenerator.temp_dir' not found, using default value 'temp' instead.
2026-05-23 14:53:36,072 INFO o.a.j.r.c.ReportGeneratorConfiguration: Property 'jmeter.reportgenerator.apdex_per_transaction' not found, using default value 'null' instead.
2026-05-23 14:53:36,072 INFO o.a.j.r.c.ReportGeneratorConfiguration: apdex_per_transaction is empty, not APDEX per transaction customization
2026-05-23 14:53:36,072 INFO o.a.j.r.c.ReportGeneratorConfiguration: Property 'jmeter.reportgenerator.sample_filter' not found, using default value 'null' instead.
2026-05-23 14:53:36,072 INFO o.a.j.r.c.ReportGeneratorConfiguration: Property 'jmeter.reportgenerator.report_title' not found, using default value 'null' instead.
2026-05-23 14:53:36,072 INFO o.a.j.r.c.ReportGeneratorConfiguration: Property 'jmeter.reportgenerator.start_date' not found, using default value 'null' instead.
2026-05-23 14:53:36,072 INFO o.a.j.r.c.ReportGeneratorConfiguration: Property 'jmeter.reportgenerator.end_date' not found, using default value 'null' instead.
2026-05-23 14:53:36,072 INFO o.a.j.r.c.ReportGeneratorConfiguration: Property 'jmeter.reportgenerator.date_format' not found, using default value 'null' instead.
2026-05-23 14:53:36,072 INFO o.a.j.r.c.ReportGeneratorConfiguration: Will use date range start date: null, end date: null
2026-05-23 14:53:36,077 INFO o.a.j.r.c.ReportGeneratorConfiguration: Property 'jmeter.reportgenerator.graph.totalTPS.exclude_controllers' not found, using default value 'false' instead.
2026-05-23 14:53:36,077 INFO o.a.j.r.c.ReportGeneratorConfiguration: Property 'jmeter.reportgenerator.graph.activeThreadsOverTime.exclude_controllers' not found, using default value 'false' instead.
2026-05-23 14:53:36,077 INFO o.a.j.r.c.ReportGeneratorConfiguration: Property 'jmeter.reportgenerator.graph.timeVsThreads.exclude_controllers' not found, using default value 'false' instead.
2026-05-23 14:53:36,077 INFO o.a.j.r.c.ReportGeneratorConfiguration: Property 'jmeter.reportgenerator.graph.responseTimeDistribution.exclude_controllers' not found, using default value 'false' instead.
2026-05-23 14:53:36,077 INFO o.a.j.r.c.ReportGeneratorConfiguration: Property 'jmeter.reportgenerator.graph.transactionsPerSecond.exclude_controllers' not found, using default value 'false' instead.
2026-05-23 14:53:36,077 INFO o.a.j.r.c.ReportGeneratorConfiguration: Property 'jmeter.reportgenerator.graph.responseTimePercentiles.exclude_controllers' not found, using default value 'false' instead.
2026-05-23 14:53:36,077 INFO o.a.j.r.c.ReportGeneratorConfiguration: Property 'jmeter.reportgenerator.graph.responseTimePercentilesOverTime.exclude_controllers' not found, using default value 'false' instead.
2026-05-23 14:53:36,077 INFO o.a.j.r.c.ReportGeneratorConfiguration: Property 'jmeter.reportgenerator.graph.responseTimesOverTime.exclude_controllers' not found, using default value 'false' instead.
2026-05-23 14:53:36,077 INFO o.a.j.r.c.ReportGeneratorConfiguration: Property 'jmeter.reportgenerator.graph.connectTimeOverTime.exclude_controllers' not found, using default value 'false' instead.
2026-05-23 14:53:36,077 INFO o.a.j.r.c.ReportGeneratorConfiguration: Property 'jmeter.reportgenerator.graph.latenciesOverTime.exclude_controllers' not found, using default value 'false' instead.
2026-05-23 14:53:36,081 INFO o.a.j.r.c.ReportGeneratorConfiguration: Property 'jmeter.reportgenerator.exporter.json.filters_only_sample_series' not found, using default value 'true' instead.
2026-05-23 14:53:36,081 INFO o.a.j.r.c.ReportGeneratorConfiguration: Property 'jmeter.reportgenerator.exporter.json.series_filter' not found, using default value '' instead.
2026-05-23 14:53:36,081 INFO o.a.j.r.c.ReportGeneratorConfiguration: Property 'jmeter.reportgenerator.exporter.json.show_controllers_only' not found, using default value 'false' instead.
2026-05-23 14:53:36,081 INFO o.a.j.r.c.ReportGeneratorConfiguration: Property 'jmeter.reportgenerator.exporter.html.filters_only_sample_series' not found, using default value 'true' instead.
2026-05-23 14:53:36,081 INFO o.a.j.r.c.ReportGeneratorConfiguration: Property 'jmeter.reportgenerator.exporter.html.series_filter' not found, using default value '' instead.
2026-05-23 14:53:36,081 INFO o.a.j.r.c.ReportGeneratorConfiguration: Property 'jmeter.reportgenerator.exporter.html.show_controllers_only' not found, using default value 'false' instead.
2026-05-23 14:53:36,093 INFO o.a.j.e.StandardJMeterEngine: Running the test!
2026-05-23 14:53:36,093 INFO o.a.j.s.SampleEvent: List of sample_variables: []
2026-05-23 14:53:36,093 INFO o.a.j.s.SampleEvent: List of sample_variables: []
2026-05-23 14:53:36,100 INFO o.a.j.e.u.CompoundVariable: Note: Function class names must contain the string: '.functions.'
2026-05-23 14:53:36,100 INFO o.a.j.e.u.CompoundVariable: Note: Function class names must not contain the string: '.gui.'
2026-05-23 14:53:36,177 ERROR o.a.j.p.j.c.DataSourceElement: JDBC data source already defined for: myConnection
2026-05-23 14:53:36,177 ERROR o.a.j.p.j.c.DataSourceElement: JDBC data source already defined for: myConnection
2026-05-23 14:53:36,181 INFO o.a.j.JMeter: Running test (1779526416181)
2026-05-23 14:53:36,197 INFO o.a.j.e.StandardJMeterEngine: Starting ThreadGroup: 1 : Deposit
2026-05-23 14:53:36,197 INFO o.a.j.e.StandardJMeterEngine: Starting 5 threads for group Deposit.
2026-05-23 14:53:36,197 INFO o.a.j.e.StandardJMeterEngine: Thread will continue on error
2026-05-23 14:53:36,197 INFO o.a.j.t.ThreadGroup: Starting thread group... number=1 threads=5 ramp-up=120 delayedStart=false
2026-05-23 14:53:36,205 INFO o.a.j.t.ThreadGroup: Started thread group number 1
2026-05-23 14:53:36,205 INFO o.a.j.e.StandardJMeterEngine: Starting ThreadGroup: 2 : Send money
2026-05-23 14:53:36,205 INFO o.a.j.e.StandardJMeterEngine: Starting 5 threads for group Send money.
2026-05-23 14:53:36,205 INFO o.a.j.e.StandardJMeterEngine: Thread will continue on error
2026-05-23 14:53:36,205 INFO o.a.j.t.ThreadGroup: Starting thread group... number=2 threads=5 ramp-up=120 delayedStart=false
2026-05-23 14:53:36,207 INFO o.a.j.t.ThreadGroup: Started thread group number 2
2026-05-23 14:53:36,207 INFO o.a.j.e.StandardJMeterEngine: Starting ThreadGroup: 3 : Payment
2026-05-23 14:53:36,207 INFO o.a.j.e.StandardJMeterEngine: Starting 5 threads for group Payment.
2026-05-23 14:53:36,207 INFO o.a.j.e.StandardJMeterEngine: Thread will continue on error
2026-05-23 14:53:36,207 INFO o.a.j.t.ThreadGroup: Starting thread group... number=3 threads=5 ramp-up=120 delayedStart=false
2026-05-23 14:53:36,210 INFO o.a.j.t.ThreadGroup: Started thread group number 3
2026-05-23 14:53:36,210 INFO o.a.j.e.StandardJMeterEngine: All thread groups have been started
2026-05-23 14:53:36,216 INFO o.a.j.t.JMeterThread: Thread started: Send money 2-1
2026-05-23 14:53:36,216 INFO o.a.j.t.JMeterThread: Thread started: Payment 3-1
2026-05-23 14:53:36,216 INFO o.a.j.t.JMeterThread: Thread started: Deposit 1-1
2026-05-23 14:53:36,218 INFO o.a.j.s.FileServer: Stored: D:/apache-jmeter-5.6.3/apache-jmeter-5.6.3/bin/Performance_testingDmoney/deposit.csv
2026-05-23 14:53:36,226 INFO o.a.j.s.FileServer: Stored: D:/apache-jmeter-5.6.3/apache-jmeter-5.6.3/bin/Performance_testingDmoney/send money.csv
2026-05-23 14:53:36,237 INFO o.a.j.p.h.s.HTTPHCAbstractImpl: Local host = LAPTOP-8RJ9KVHR
2026-05-23 14:53:36,243 INFO o.a.j.p.h.s.HTTPHC4Impl: HTTP request retry count = 0
2026-05-23 14:53:36,245 INFO o.a.j.s.SampleResult: Note: Sample TimeStamps are START times
2026-05-23 14:53:36,245 INFO o.a.j.s.SampleResult: sampleresult.default.encoding is set to UTF-8
2026-05-23 14:53:36,245 INFO o.a.j.s.SampleResult: sampleresult.useNanoTime=true
2026-05-23 14:53:36,245 INFO o.a.j.s.SampleResult: sampleresult.nanoThreadSleep=5000
2026-05-23 14:53:36,765 INFO o.a.j.t.JMeterThread: Thread is done: Send money 2-1
2026-05-23 14:53:36,765 INFO o.a.j.t.JMeterThread: Thread finished: Send money 2-1
2026-05-23 14:53:36,765 INFO o.a.j.t.JMeterThread: Thread is done: Payment 3-1
2026-05-23 14:53:36,765 INFO o.a.j.t.JMeterThread: Thread finished: Payment 3-1
2026-05-23 14:53:36,780 INFO o.a.j.t.JMeterThread: Thread is done: Deposit 1-1
2026-05-23 14:53:36,780 INFO o.a.j.t.JMeterThread: Thread finished: Deposit 1-1
2026-05-23 14:54:00,229 INFO o.a.j.t.JMeterThread: Thread started: Payment 3-2
2026-05-23 14:54:00,229 INFO o.a.j.t.JMeterThread: Thread started: Send money 2-2
2026-05-23 14:54:00,229 INFO o.a.j.t.JMeterThread: Thread started: Deposit 1-2
2026-05-23 14:54:00,246 INFO o.a.j.r.Summariser: summary +     16 in 00:00:24 =    0.7/s Avg:    84 Min:     6 Max:   379 Err:     4 (25.00%) Active: 3 Started: 6 Finished: 3
2026-05-23 14:54:00,296 INFO o.a.j.t.JMeterThread: Thread is done: Send money 2-2
2026-05-23 14:54:00,296 INFO o.a.j.t.JMeterThread: Thread finished: Send money 2-2
2026-05-23 14:54:00,312 INFO o.a.j.t.JMeterThread: Thread is done: Deposit 1-2
2026-05-23 14:54:00,313 INFO o.a.j.t.JMeterThread: Thread finished: Deposit 1-2
2026-05-23 14:54:00,312 INFO o.a.j.t.JMeterThread: Thread is done: Payment 3-2
2026-05-23 14:54:00,313 INFO o.a.j.t.JMeterThread: Thread finished: Payment 3-2
2026-05-23 14:54:24,224 INFO o.a.j.t.JMeterThread: Thread started: Deposit 1-3
2026-05-23 14:54:24,224 INFO o.a.j.t.JMeterThread: Thread started: Send money 2-3
2026-05-23 14:54:24,224 INFO o.a.j.t.JMeterThread: Thread started: Payment 3-3
2026-05-23 14:54:24,303 INFO o.a.j.t.JMeterThread: Thread is done: Payment 3-3
2026-05-23 14:54:24,303 INFO o.a.j.t.JMeterThread: Thread finished: Payment 3-3
2026-05-23 14:54:24,313 INFO o.a.j.t.JMeterThread: Thread is done: Send money 2-3
2026-05-23 14:54:24,313 INFO o.a.j.t.JMeterThread: Thread is done: Deposit 1-3
2026-05-23 14:54:24,313 INFO o.a.j.t.JMeterThread: Thread finished: Send money 2-3
2026-05-23 14:54:24,313 INFO o.a.j.t.JMeterThread: Thread finished: Deposit 1-3
2026-05-23 14:54:48,216 INFO o.a.j.t.JMeterThread: Thread started: Send money 2-4
2026-05-23 14:54:48,217 INFO o.a.j.t.JMeterThread: Thread started: Payment 3-4
2026-05-23 14:54:48,233 INFO o.a.j.t.JMeterThread: Thread started: Deposit 1-4
2026-05-23 14:54:48,269 INFO o.a.j.t.JMeterThread: Thread is done: Send money 2-4
2026-05-23 14:54:48,269 INFO o.a.j.t.JMeterThread: Thread finished: Send money 2-4
2026-05-23 14:54:48,291 INFO o.a.j.t.JMeterThread: Thread is done: Payment 3-4
2026-05-23 14:54:48,291 INFO o.a.j.t.JMeterThread: Thread finished: Payment 3-4
2026-05-23 14:54:48,291 INFO o.a.j.t.JMeterThread: Thread is done: Deposit 1-4
2026-05-23 14:54:48,291 INFO o.a.j.t.JMeterThread: Thread finished: Deposit 1-4
2026-05-23 14:55:12,227 INFO o.a.j.t.JMeterThread: Thread started: Deposit 1-5
2026-05-23 14:55:12,227 INFO o.a.j.t.JMeterThread: Thread started: Send money 2-5
2026-05-23 14:55:12,227 INFO o.a.j.t.JMeterThread: Thread started: Payment 3-5
2026-05-23 14:55:12,290 INFO o.a.j.t.JMeterThread: Thread is done: Send money 2-5
2026-05-23 14:55:12,290 INFO o.a.j.t.JMeterThread: Thread finished: Send money 2-5
2026-05-23 14:55:12,291 INFO o.a.j.t.JMeterThread: Thread is done: Payment 3-5
2026-05-23 14:55:12,291 INFO o.a.j.t.JMeterThread: Thread finished: Payment 3-5
2026-05-23 14:55:12,302 INFO o.a.j.t.JMeterThread: Thread is done: Deposit 1-5
2026-05-23 14:55:12,302 INFO o.a.j.t.JMeterThread: Thread finished: Deposit 1-5
2026-05-23 14:55:12,302 INFO o.a.j.e.StandardJMeterEngine: Notifying test listeners of end of test
2026-05-23 14:55:12,302 INFO o.a.j.s.FileServer: Close: D:/apache-jmeter-5.6.3/apache-jmeter-5.6.3/bin/Performance_testingDmoney/deposit.csv
2026-05-23 14:55:12,304 INFO o.a.j.s.FileServer: Close: D:/apache-jmeter-5.6.3/apache-jmeter-5.6.3/bin/Performance_testingDmoney/send money.csv
2026-05-23 14:55:12,310 INFO o.a.j.r.Summariser: summary +     59 in 00:01:12 =    0.8/s Avg:    14 Min:     4 Max:    37 Err:    11 (18.64%) Active: 0 Started: 15 Finished: 15
2026-05-23 14:55:12,310 INFO o.a.j.r.Summariser: summary =     75 in 00:01:36 =    0.8/s Avg:    29 Min:     4 Max:   379 Err:    15 (20.00%)
2026-05-23 14:55:12,310 INFO o.a.j.JMeter: Generating Dashboard
2026-05-23 14:55:12,310 INFO o.a.j.r.d.ReportGenerator: Flushing result collector before report Generation
2026-05-23 14:55:12,336 INFO o.a.j.r.p.NormalizerSampleConsumer: Using format, 'ms', to parse timeStamp field
2026-05-23 14:55:12,398 INFO o.a.j.r.p.AbstractSampleConsumer: class org.apache.jmeter.report.processor.AggregateConsumer#stopProducing(): beginDate produced 0 samples
2026-05-23 14:55:12,398 INFO o.a.j.r.p.AbstractSampleConsumer: class org.apache.jmeter.report.processor.AggregateConsumer#stopProducing(): endDate produced 0 samples
2026-05-23 14:55:12,399 INFO o.a.j.r.p.AbstractSampleConsumer: class org.apache.jmeter.report.processor.ApdexSummaryConsumer#stopProducing(): apdexSummary produced 0 samples
2026-05-23 14:55:12,399 INFO o.a.j.r.p.AbstractSampleConsumer: class org.apache.jmeter.report.processor.RequestsSummaryConsumer#stopProducing(): requestsSummary produced 0 samples
2026-05-23 14:55:12,402 INFO o.a.j.r.p.AbstractSampleConsumer: class org.apache.jmeter.report.processor.StatisticsSummaryConsumer#stopProducing(): statisticsSummary produced 0 samples
2026-05-23 14:55:12,404 INFO o.a.j.r.p.AbstractSampleConsumer: class org.apache.jmeter.report.processor.Top5ErrorsBySamplerConsumer#stopProducing(): top5ErrorsBySampler produced 0 samples
2026-05-23 14:55:12,404 INFO o.a.j.r.p.AbstractSampleConsumer: class org.apache.jmeter.report.processor.ErrorsSummaryConsumer#stopProducing(): errorsSummary produced 0 samples
2026-05-23 14:55:12,404 INFO o.a.j.r.p.AbstractSampleConsumer: class org.apache.jmeter.report.processor.graph.impl.HitsPerSecondGraphConsumer#stopProducing(): hitsPerSecond produced 0 samples
2026-05-23 14:55:12,430 INFO o.a.j.r.p.AbstractSampleConsumer: class org.apache.jmeter.report.processor.graph.impl.LatencyVSRequestGraphConsumer#stopProducing(): latencyVsRequest produced 0 samples
2026-05-23 14:55:12,431 INFO o.a.j.r.p.AbstractSampleConsumer: class org.apache.jmeter.report.processor.graph.impl.SyntheticResponseTimeDistributionGraphConsumer#stopProducing(): syntheticResponseTimeDistribution produced 0 samples
2026-05-23 14:55:12,431 INFO o.a.j.r.p.AbstractSampleConsumer: class org.apache.jmeter.report.processor.graph.impl.BytesThroughputGraphConsumer#stopProducing(): bytesThroughputOverTime produced 0 samples
2026-05-23 14:55:12,431 INFO o.a.j.r.p.AbstractSampleConsumer: class org.apache.jmeter.report.processor.graph.impl.CodesPerSecondGraphConsumer#stopProducing(): codesPerSecond produced 0 samples
2026-05-23 14:55:12,452 INFO o.a.j.r.p.AbstractSampleConsumer: class org.apache.jmeter.report.processor.graph.impl.ResponseTimeVSRequestGraphConsumer#stopProducing(): responseTimeVsRequest produced 0 samples
2026-05-23 14:55:12,454 INFO o.a.j.r.p.AbstractSampleConsumer: class org.apache.jmeter.report.processor.FilterConsumer#stopProducing(): startIntervalControlerFilter produced 525 samples
2026-05-23 14:55:12,454 INFO o.a.j.r.p.AbstractSampleConsumer: class org.apache.jmeter.report.processor.graph.impl.TotalTPSGraphConsumer#stopProducing(): totalTPS produced 0 samples
2026-05-23 14:55:12,454 INFO o.a.j.r.p.AbstractSampleConsumer: class org.apache.jmeter.report.processor.graph.impl.ActiveThreadsGraphConsumer#stopProducing(): activeThreadsOverTime produced 0 samples
2026-05-23 14:55:12,454 INFO o.a.j.r.p.AbstractSampleConsumer: class org.apache.jmeter.report.processor.graph.impl.TimeVSThreadGraphConsumer#stopProducing(): timeVsThreads produced 0 samples
2026-05-23 14:55:12,454 INFO o.a.j.r.p.AbstractSampleConsumer: class org.apache.jmeter.report.processor.graph.impl.ResponseTimeDistributionGraphConsumer#stopProducing(): responseTimeDistribution produced 0 samples
2026-05-23 14:55:12,455 INFO o.a.j.r.p.AbstractSampleConsumer: class org.apache.jmeter.report.processor.graph.impl.TransactionsPerSecondGraphConsumer#stopProducing(): transactionsPerSecond produced 0 samples
2026-05-23 14:55:12,455 INFO o.a.j.r.p.AbstractSampleConsumer: class org.apache.jmeter.report.processor.graph.impl.ResponseTimePercentilesGraphConsumer#stopProducing(): responseTimePercentiles produced 0 samples
2026-05-23 14:55:12,456 INFO o.a.j.r.p.AbstractSampleConsumer: class org.apache.jmeter.report.processor.graph.impl.ResponseTimePercentilesOverTimeGraphConsumer#stopProducing(): responseTimePercentilesOverTime produced 0 samples
2026-05-23 14:55:12,457 INFO o.a.j.r.p.AbstractSampleConsumer: class org.apache.jmeter.report.processor.graph.impl.ResponseTimeOverTimeGraphConsumer#stopProducing(): responseTimesOverTime produced 0 samples
2026-05-23 14:55:12,457 INFO o.a.j.r.p.AbstractSampleConsumer: class org.apache.jmeter.report.processor.graph.impl.ConnectTimeOverTimeGraphConsumer#stopProducing(): connectTimeOverTime produced 0 samples
2026-05-23 14:55:12,457 INFO o.a.j.r.p.AbstractSampleConsumer: class org.apache.jmeter.report.processor.graph.impl.LatencyOverTimeGraphConsumer#stopProducing(): latenciesOverTime produced 0 samples
2026-05-23 14:55:12,457 INFO o.a.j.r.p.AbstractSampleConsumer: class org.apache.jmeter.report.processor.FilterConsumer#stopProducing(): nameFilter produced 1125 samples
2026-05-23 14:55:12,457 INFO o.a.j.r.p.AbstractSampleConsumer: class org.apache.jmeter.report.processor.FilterConsumer#stopProducing(): dateRangeFilter produced 225 samples
2026-05-23 14:55:12,457 INFO o.a.j.r.p.AbstractSampleConsumer: class org.apache.jmeter.report.processor.NormalizerSampleConsumer#stopProducing(): normalizer produced 75 samples
2026-05-23 14:55:12,458 INFO o.a.j.r.p.CsvFileSampleSource: produce(): 75 samples produced in 104ms on channel 0
2026-05-23 14:55:12,458 INFO o.a.j.r.d.ReportGenerator: Exporting data using exporter:'json' of className:'org.apache.jmeter.report.dashboard.JsonExporter'
2026-05-23 14:55:12,535 INFO o.a.j.r.d.JsonExporter: Found data for consumer statisticsSummary in context
2026-05-23 14:55:12,535 INFO o.a.j.r.d.JsonExporter: Creating statistics for overall
2026-05-23 14:55:12,535 INFO o.a.j.r.d.JsonExporter: Creating statistics for other transactions
2026-05-23 14:55:12,535 INFO o.a.j.r.d.JsonExporter: Checking output folder
2026-05-23 14:55:12,536 INFO o.a.j.r.d.JsonExporter: Writing statistics JSON to D:\apache-jmeter-5.6.3\apache-jmeter-5.6.3\bin\Performance_testingDmoney\Reports\statistics.json
2026-05-23 14:55:12,566 INFO o.a.j.r.d.ReportGenerator: Exporting data using exporter:'html' of className:'org.apache.jmeter.report.dashboard.HtmlTemplateExporter'
2026-05-23 14:55:12,568 INFO o.a.j.r.d.HtmlTemplateExporter: Will generate dashboard in folder: D:\apache-jmeter-5.6.3\apache-jmeter-5.6.3\bin\Performance_testingDmoney\Reports
2026-05-23 14:55:12,644 INFO o.a.j.r.d.HtmlTemplateExporter: Report will be generated in: D:\apache-jmeter-5.6.3\apache-jmeter-5.6.3\bin\Performance_testingDmoney\Reports, creating folder structure
2026-05-23 14:55:12,646 INFO o.a.j.r.d.TemplateVisitor: Copying folder from 'D:\apache-jmeter-5.6.3\apache-jmeter-5.6.3\bin\report-template' to 'D:\apache-jmeter-5.6.3\apache-jmeter-5.6.3\bin\Performance_testingDmoney\Reports', got message: D:\apache-jmeter-5.6.3\apache-jmeter-5.6.3\bin\Performance_testingDmoney\Reports, found non empty folder with following content [D:\apache-jmeter-5.6.3\apache-jmeter-5.6.3\bin\Performance_testingDmoney\Reports\statistics.json], will be ignored
2026-05-23 14:55:12,876 INFO o.a.j.JMeter: Dashboard generated
